// Jest Snapshot v1, https://goo.gl/fbAQLP

exports[`Common table test table display 1`] = `
<DocumentFragment>
  <div
    class="w-full"
  >
    <table
      class="min-w-max w-full table-auto font-['Montserrat'] undefined"
    >
      <thead>
        <tr
          class="text-purpleShade2 text-sm dark:text-white/75 undefined"
        >
          <th
            class="font-normal"
          >
            <div
              class="py-3 px-5 text-left font-normal"
            >
              Colum 1
            </div>
          </th>
          <th
            class="font-normal"
          >
            <div
              class="py-3 px-5 text-left font-normal"
            >
              Colum 2
            </div>
          </th>
        </tr>
      </thead>
      <tbody
        class="text-gray-600 text-sm font-light dark:text-white"
      >
        <tr
          class="hover:bg-gray-100 dark:hover:bg-transparent/10 false undefined"
          data-testid="sample-id-0"
        >
          <td
            class="py-3 px-5 text-left"
          >
            Info 1
          </td>
          <td
            class="py-3 px-5 text-left whitespace-nowrap"
          >
            Info 2
          </td>
        </tr>
      </tbody>
    </table>
  </div>
</DocumentFragment>
`;
