// Jest Snapshot v1, https://goo.gl/fbAQLP

exports[`mobileCard renders properly 1`] = `
<DocumentFragment>
  <div
    class="w-full bg-white rounded-lg py-7 px-4 font-['Montserrat'] mb-6"
  >
    <div
      class="flex gap-2 items-center mb-2"
    >
      sample header
    </div>
    <div
      class="w-full divide-y divide-gray-200"
    >
      <div
        class="flex justify-between items-center py-2"
      >
        <div
          class="text-[#857EC2] text-xs"
        >
          sample
        </div>
        <div
          class="text-[#241235] text-sm"
        >
          1
        </div>
      </div>
    </div>
  </div>
</DocumentFragment>
`;
