// Jest Snapshot v1, https://goo.gl/fbAQLP

exports[`mobileCard renders properly 1`] = `
<DocumentFragment>
  <div
    class="w-full bg-white rounded-[20px] dark:bg-gradient-to-r dark:from-[#4141B3] dark:via-[#6B5ACF] dark:to-[#896BD2] rounded-lg py-7 px-4 font-['Montserrat'] mb-6"
  >
    <div
      class="flex gap-2 items-center mb-2"
    >
      sample header
    </div>
    <div
      class="w-full divide-y divide-gray-200 dark:divide-white/20"
    >
      <div
        class="flex justify-between items-center py-2"
      >
        <div
          class="text-[#857EC2] text-xs  dark:text-white/75"
        >
          sample
        </div>
        <div
          class="text-[#241235] text-xs dark:text-white"
        >
          1
        </div>
      </div>
    </div>
  </div>
</DocumentFragment>
`;
